[INFO] GPU detected:
Sat Nov 22 17:34:40 2025       
+-----------------------------------------------------------------------------------------+
| NVIDIA-SMI 580.105.08             Driver Version: 580.105.08     CUDA Version: 13.0     |
+-----------------------------------------+------------------------+----------------------+
| GPU  Name                 Persistence-M | Bus-Id          Disp.A | Volatile Uncorr. ECC |
| Fan  Temp   Perf          Pwr:Usage/Cap |           Memory-Usage | GPU-Util  Compute M. |
|                                         |                        |               MIG M. |
|=========================================+========================+======================|
|   0  Tesla V100-PCIE-32GB           On  |   00000000:D8:00.0 Off |                    0 |
| N/A   47C    P0             31W /  250W |       0MiB /  32768MiB |      0%   E. Process |
|                                         |                        |                  N/A |
+-----------------------------------------+------------------------+----------------------+

+-----------------------------------------------------------------------------------------+
| Processes:                                                                              |
|  GPU   GI   CI              PID   Type   Process name                        GPU Memory |
|        ID   ID                                                               Usage      |
|=========================================================================================|
|  No running processes found                                                             |
+-----------------------------------------------------------------------------------------+
Loaded module: cuda/12.1
=== Starting training ===
[INFO] Loading tensors from: /dtu/blackhole/0e/213806/s243275/data.pt
[INFO] Shapes: X=torch.Size([19882, 45263])
[INFO] Loader sizes: train=265  val=24
loss   | mean = 360466.812, shape: []
elbo   | mean = -360466.812, shape: [19882]
log_px | mean = -360459.812, shape: [19882]
kl     | mean =      7.027, shape: [19882]
>> Using device: cuda:0
Traceback (most recent call last):
  File "/zhome/c8/8/213806/DeepIsoQ/VAE/variational_autoencoder.py", line 365, in <module>
    make_vae_plots(vae, x, outputs, training_data, validation_data)
  File "/zhome/c8/8/213806/DeepIsoQ/VAE/plotting.py", line 182, in make_vae_plots
    plot_samples(axes[0, 0], x)
  File "/zhome/c8/8/213806/DeepIsoQ/VAE/plotting.py", line 102, in plot_samples
    x_grid = make_grid(x.view(-1, 1, 28, 28), nrow=nrow).permute(1, 2, 0)
RuntimeError: shape '[-1, 1, 28, 28]' is invalid for input of size 5793664
