[INFO] GPU detected:
Sat Nov 22 17:21:39 2025       
+-----------------------------------------------------------------------------------------+
| NVIDIA-SMI 580.105.08             Driver Version: 580.105.08     CUDA Version: 13.0     |
+-----------------------------------------+------------------------+----------------------+
| GPU  Name                 Persistence-M | Bus-Id          Disp.A | Volatile Uncorr. ECC |
| Fan  Temp   Perf          Pwr:Usage/Cap |           Memory-Usage | GPU-Util  Compute M. |
|                                         |                        |               MIG M. |
|=========================================+========================+======================|
|   0  Tesla V100-PCIE-16GB           On  |   00000000:37:00.0 Off |                    0 |
| N/A   67C    P0             38W /  250W |       0MiB /  16384MiB |      0%   E. Process |
|                                         |                        |                  N/A |
+-----------------------------------------+------------------------+----------------------+

+-----------------------------------------------------------------------------------------+
| Processes:                                                                              |
|  GPU   GI   CI              PID   Type   Process name                        GPU Memory |
|        ID   ID                                                               Usage      |
|=========================================================================================|
|  No running processes found                                                             |
+-----------------------------------------------------------------------------------------+
Loaded module: cuda/12.1
=== Starting training ===
[INFO] Loading tensors from: /dtu/blackhole/0e/213806/s243275/data.pt
[INFO] Shapes: X=torch.Size([19882, 45263])
[INFO] Loader sizes: train=265  val=24
loss   | mean = 360513.688, shape: []
elbo   | mean = -360513.688, shape: [19882]
log_px | mean = -360508.656, shape: [19882]
kl     | mean =      5.043, shape: [19882]
>> Using device: cuda:0
Traceback (most recent call last):
  File "/zhome/c8/8/213806/DeepIsoQ/VAE/variational_autoencoder.py", line 351, in <module>
    x = x.to(device)
AttributeError: 'list' object has no attribute 'to'
