=== Job started on Sat Nov 22 13:30:18 CET 2025 ===
Running on host: n-62-20-11
CUDA_VISIBLE_DEVICES=0
Sat Nov 22 13:30:18 2025       
+-----------------------------------------------------------------------------------------+
| NVIDIA-SMI 580.105.08             Driver Version: 580.105.08     CUDA Version: 13.0     |
+-----------------------------------------+------------------------+----------------------+
| GPU  Name                 Persistence-M | Bus-Id          Disp.A | Volatile Uncorr. ECC |
| Fan  Temp   Perf          Pwr:Usage/Cap |           Memory-Usage | GPU-Util  Compute M. |
|                                         |                        |               MIG M. |
|=========================================+========================+======================|
|   0  Tesla V100-SXM2-32GB           On  |   00000000:3A:00.0 Off |                    0 |
| N/A   33C    P0             43W /  300W |       0MiB /  32768MiB |      0%   E. Process |
|                                         |                        |                  N/A |
+-----------------------------------------+------------------------+----------------------+

+-----------------------------------------------------------------------------------------+
| Processes:                                                                              |
|  GPU   GI   CI              PID   Type   Process name                        GPU Memory |
|        ID   ID                                                               Usage      |
|=========================================================================================|
|  No running processes found                                                             |
+-----------------------------------------------------------------------------------------+
[INFO] Loading BulkFormer embeddings from: /dtu/blackhole/0d/213485/s243310/bulkformer_result.pt
[INFO] Shapes: X_bulkformer_emb=(19882, 640), Y_tx(log1p)=(19882, 162009)
[INFO] N=19882, D_embed=640, I=162009
[INFO] Split sizes: train=13916  val=2983  test=2983
[INFO] Starting random search on BulkFormer embeddings with 12 trials...

=== Trial 1/12: {'name': 'narrow_x4_512_BF_t0', 'hidden': [512, 512, 512, 512], 'act': 'relu', 'dropout': 0.2, 'batchnorm': False, 'lr': 0.002, 'batch_size': 128, 'epochs': 120} ===
[narrow_x4_512_BF_t0] ep 001 | act=relu | train 2.71080 | val 1.90139 | lr 0.002
[narrow_x4_512_BF_t0] ep 005 | act=relu | train 1.51375 | val 1.41660 | lr 0.002
[narrow_x4_512_BF_t0] ep 010 | act=relu | train 1.42373 | val 1.33975 | lr 0.002
[narrow_x4_512_BF_t0] ep 015 | act=relu | train 1.38468 | val 1.31356 | lr 0.002
[narrow_x4_512_BF_t0] ep 020 | act=relu | train 1.35840 | val 1.28047 | lr 0.002
[narrow_x4_512_BF_t0] ep 025 | act=relu | train 1.33757 | val 1.27761 | lr 0.002
[narrow_x4_512_BF_t0] ep 030 | act=relu | train 1.32194 | val 1.24796 | lr 0.002
[narrow_x4_512_BF_t0] ep 035 | act=relu | train 1.31609 | val 1.24068 | lr 0.002
[narrow_x4_512_BF_t0] ep 040 | act=relu | train 1.30196 | val 1.23065 | lr 0.002
[narrow_x4_512_BF_t0] ep 045 | act=relu | train 1.28618 | val 1.27976 | lr 0.002
[narrow_x4_512_BF_t0] ep 050 | act=relu | train 1.27899 | val 1.25807 | lr 0.002
[narrow_x4_512_BF_t0] ep 055 | act=relu | train 1.27743 | val 1.27110 | lr 0.001
[narrow_x4_512_BF_t0] ep 060 | act=relu | train 1.22079 | val 1.24576 | lr 0.001
[narrow_x4_512_BF_t0] ep 065 | act=relu | train 1.21321 | val 1.25009 | lr 0.001
[narrow_x4_512_BF_t0] ep 070 | act=relu | train 1.20589 | val 1.27655 | lr 0.0005
[narrow_x4_512_BF_t0] ep 075 | act=relu | train 1.18492 | val 1.24370 | lr 0.0005
[narrow_x4_512_BF_t0] ep 080 | act=relu | train 1.17903 | val 1.23876 | lr 0.0005
[narrow_x4_512_BF_t0] ep 085 | act=relu | train 1.17550 | val 1.22565 | lr 0.0005
[narrow_x4_512_BF_t0] ep 090 | act=relu | train 1.17214 | val 1.23838 | lr 0.0005
[narrow_x4_512_BF_t0] ep 095 | act=relu | train 1.16976 | val 1.24826 | lr 0.0005
[narrow_x4_512_BF_t0] ep 100 | act=relu | train 1.16713 | val 1.24820 | lr 0.00025
[narrow_x4_512_BF_t0] ep 105 | act=relu | train 1.15571 | val 1.24241 | lr 0.00025
[narrow_x4_512_BF_t0] ep 110 | act=relu | train 1.15343 | val 1.25530 | lr 0.00025
[narrow_x4_512_BF_t0] ep 115 | act=relu | train 1.15043 | val 1.24695 | lr 0.000125
[narrow_x4_512_BF_t0] ep 120 | act=relu | train 1.14749 | val 1.24602 | lr 0.000125
[BEST] Updated best by Val: narrow_x4_512_BF_t0 (val_mse=1.225652)

=== Trial 2/12: {'name': 'bottleneck_2048_256_BF_t1', 'hidden': [2048, 256, 2048], 'act': 'relu', 'dropout': 0.2, 'batchnorm': True, 'lr': 0.001, 'batch_size': 256, 'epochs': 120} ===
[bottleneck_2048_256_BF_t1] ep 001 | act=relu | train 2.63329 | val 1.71669 | lr 0.001
[bottleneck_2048_256_BF_t1] ep 005 | act=relu | train 1.44352 | val 1.32478 | lr 0.001
[bottleneck_2048_256_BF_t1] ep 010 | act=relu | train 1.30307 | val 1.22818 | lr 0.001
[bottleneck_2048_256_BF_t1] ep 015 | act=relu | train 1.23045 | val 1.19973 | lr 0.001
[bottleneck_2048_256_BF_t1] ep 020 | act=relu | train 1.18469 | val 1.15811 | lr 0.001
[bottleneck_2048_256_BF_t1] ep 025 | act=relu | train 1.15257 | val 1.13597 | lr 0.001
[bottleneck_2048_256_BF_t1] ep 030 | act=relu | train 1.12780 | val 1.12011 | lr 0.001
[bottleneck_2048_256_BF_t1] ep 035 | act=relu | train 1.10798 | val 1.09838 | lr 0.001
[bottleneck_2048_256_BF_t1] ep 040 | act=relu | train 1.09438 | val 1.08511 | lr 0.001
[bottleneck_2048_256_BF_t1] ep 045 | act=relu | train 1.08165 | val 1.07091 | lr 0.001
[bottleneck_2048_256_BF_t1] ep 050 | act=relu | train 1.06952 | val 1.06975 | lr 0.001
[bottleneck_2048_256_BF_t1] ep 055 | act=relu | train 1.06226 | val 1.06334 | lr 0.001
[bottleneck_2048_256_BF_t1] ep 060 | act=relu | train 1.04831 | val 1.06278 | lr 0.001
[bottleneck_2048_256_BF_t1] ep 065 | act=relu | train 1.04348 | val 1.05638 | lr 0.001
[bottleneck_2048_256_BF_t1] ep 070 | act=relu | train 1.03732 | val 1.04146 | lr 0.001
[bottleneck_2048_256_BF_t1] ep 075 | act=relu | train 1.03206 | val 1.06099 | lr 0.001
[bottleneck_2048_256_BF_t1] ep 080 | act=relu | train 1.02862 | val 1.05852 | lr 0.001
[bottleneck_2048_256_BF_t1] ep 085 | act=relu | train 1.01904 | val 1.04622 | lr 0.0005
[bottleneck_2048_256_BF_t1] ep 090 | act=relu | train 0.99981 | val 1.04101 | lr 0.0005
[bottleneck_2048_256_BF_t1] ep 095 | act=relu | train 0.99796 | val 1.02896 | lr 0.0005
[bottleneck_2048_256_BF_t1] ep 100 | act=relu | train 0.99396 | val 1.03035 | lr 0.0005
[bottleneck_2048_256_BF_t1] ep 105 | act=relu | train 0.99133 | val 1.03224 | lr 0.0005
[bottleneck_2048_256_BF_t1] ep 110 | act=relu | train 0.98857 | val 1.02809 | lr 0.0005
[bottleneck_2048_256_BF_t1] ep 115 | act=relu | train 0.98714 | val 1.02303 | lr 0.0005
[bottleneck_2048_256_BF_t1] ep 120 | act=relu | train 0.98456 | val 1.02430 | lr 0.0005
[BEST] Updated best by Val: bottleneck_2048_256_BF_t1 (val_mse=1.023033)

=== Trial 3/12: {'name': 'shallow_1024_BF_t2', 'hidden': [1024], 'act': 'gelu', 'dropout': 0.0, 'batchnorm': True, 'lr': 0.002, 'batch_size': 256, 'epochs': 120} ===
[shallow_1024_BF_t2] ep 001 | act=gelu | train 2.47098 | val 1.58423 | lr 0.002
[shallow_1024_BF_t2] ep 005 | act=gelu | train 1.24566 | val 1.26849 | lr 0.002
[shallow_1024_BF_t2] ep 010 | act=gelu | train 1.13498 | val 1.20558 | lr 0.002
[shallow_1024_BF_t2] ep 015 | act=gelu | train 1.08259 | val 1.15285 | lr 0.002
[shallow_1024_BF_t2] ep 020 | act=gelu | train 1.06024 | val 1.13006 | lr 0.002
[shallow_1024_BF_t2] ep 025 | act=gelu | train 1.02911 | val 1.13023 | lr 0.002
[shallow_1024_BF_t2] ep 030 | act=gelu | train 1.01027 | val 1.11449 | lr 0.002
[shallow_1024_BF_t2] ep 035 | act=gelu | train 0.99000 | val 1.09403 | lr 0.002
[shallow_1024_BF_t2] ep 040 | act=gelu | train 0.98591 | val 1.08884 | lr 0.002
[shallow_1024_BF_t2] ep 045 | act=gelu | train 0.96985 | val 1.08317 | lr 0.002
[shallow_1024_BF_t2] ep 050 | act=gelu | train 0.95980 | val 1.07577 | lr 0.002
[shallow_1024_BF_t2] ep 055 | act=gelu | train 0.95145 | val 1.07981 | lr 0.002
[shallow_1024_BF_t2] ep 060 | act=gelu | train 0.94476 | val 1.07605 | lr 0.002
[shallow_1024_BF_t2] ep 065 | act=gelu | train 0.93734 | val 1.06664 | lr 0.002
[shallow_1024_BF_t2] ep 070 | act=gelu | train 0.93158 | val 1.06956 | lr 0.002
[shallow_1024_BF_t2] ep 075 | act=gelu | train 0.92918 | val 1.06137 | lr 0.002
[shallow_1024_BF_t2] ep 080 | act=gelu | train 0.92484 | val 1.05906 | lr 0.002
[shallow_1024_BF_t2] ep 085 | act=gelu | train 0.92044 | val 1.06237 | lr 0.002
[shallow_1024_BF_t2] ep 090 | act=gelu | train 0.91540 | val 1.05439 | lr 0.002
[shallow_1024_BF_t2] ep 095 | act=gelu | train 0.91108 | val 1.05435 | lr 0.002
[shallow_1024_BF_t2] ep 100 | act=gelu | train 0.90836 | val 1.05410 | lr 0.002
[shallow_1024_BF_t2] ep 105 | act=gelu | train 0.90649 | val 1.05075 | lr 0.002
[shallow_1024_BF_t2] ep 110 | act=gelu | train 0.90215 | val 1.04940 | lr 0.002
[shallow_1024_BF_t2] ep 115 | act=gelu | train 0.89864 | val 1.04695 | lr 0.002
[shallow_1024_BF_t2] ep 120 | act=gelu | train 0.89709 | val 1.04829 | lr 0.002

=== Trial 4/12: {'name': 'deep_2048_1024_BF_t3', 'hidden': [2048, 1024], 'act': 'leakyrelu', 'dropout': 0.0, 'batchnorm': False, 'lr': 0.001, 'batch_size': 192, 'epochs': 120} ===
[deep_2048_1024_BF_t3] ep 001 | act=leakyrelu | train 2.61052 | val 1.60891 | lr 0.001
[deep_2048_1024_BF_t3] ep 005 | act=leakyrelu | train 1.20287 | val 1.21370 | lr 0.001
[deep_2048_1024_BF_t3] ep 010 | act=leakyrelu | train 1.07461 | val 1.12493 | lr 0.001
[deep_2048_1024_BF_t3] ep 015 | act=leakyrelu | train 1.01129 | val 1.08634 | lr 0.001
[deep_2048_1024_BF_t3] ep 020 | act=leakyrelu | train 0.96384 | val 1.05517 | lr 0.001
[deep_2048_1024_BF_t3] ep 025 | act=leakyrelu | train 0.92975 | val 1.04294 | lr 0.001
[deep_2048_1024_BF_t3] ep 030 | act=leakyrelu | train 0.89972 | val 1.04044 | lr 0.001
[deep_2048_1024_BF_t3] ep 035 | act=leakyrelu | train 0.87731 | val 1.03342 | lr 0.001
[deep_2048_1024_BF_t3] ep 040 | act=leakyrelu | train 0.85647 | val 1.03270 | lr 0.001
[deep_2048_1024_BF_t3] ep 045 | act=leakyrelu | train 0.84066 | val 1.03011 | lr 0.001
[deep_2048_1024_BF_t3] ep 050 | act=leakyrelu | train 0.82644 | val 1.02552 | lr 0.001
[deep_2048_1024_BF_t3] ep 055 | act=leakyrelu | train 0.83280 | val 1.04340 | lr 0.001
[deep_2048_1024_BF_t3] ep 060 | act=leakyrelu | train 0.81016 | val 1.02628 | lr 0.001
[deep_2048_1024_BF_t3] ep 065 | act=leakyrelu | train 0.81005 | val 1.03074 | lr 0.0005
[deep_2048_1024_BF_t3] ep 070 | act=leakyrelu | train 0.77653 | val 1.01354 | lr 0.0005
[deep_2048_1024_BF_t3] ep 075 | act=leakyrelu | train 0.77335 | val 1.01626 | lr 0.0005
[deep_2048_1024_BF_t3] ep 080 | act=leakyrelu | train 0.77169 | val 1.01886 | lr 0.0005
[deep_2048_1024_BF_t3] ep 085 | act=leakyrelu | train 0.77191 | val 1.02162 | lr 0.00025
[deep_2048_1024_BF_t3] ep 090 | act=leakyrelu | train 0.76001 | val 1.01863 | lr 0.00025
[deep_2048_1024_BF_t3] ep 095 | act=leakyrelu | train 0.75878 | val 1.02031 | lr 0.00025
[deep_2048_1024_BF_t3] ep 100 | act=leakyrelu | train 0.75788 | val 1.02187 | lr 0.000125
[deep_2048_1024_BF_t3] ep 105 | act=leakyrelu | train 0.75340 | val 1.02148 | lr 0.000125
[deep_2048_1024_BF_t3] ep 110 | act=leakyrelu | train 0.75277 | val 1.02264 | lr 0.000125
[deep_2048_1024_BF_t3] ep 115 | act=leakyrelu | train 0.75214 | val 1.02354 | lr 6.25e-05
[deep_2048_1024_BF_t3] ep 120 | act=leakyrelu | train 0.74992 | val 1.02359 | lr 6.25e-05
[deep_2048_1024_BF_t3] Early stopping.
[BEST] Updated best by Val: deep_2048_1024_BF_t3 (val_mse=1.013536)

=== Trial 5/12: {'name': 'medium_1536_768_384_BF_t4', 'hidden': [1536, 768, 384], 'act': 'leakyrelu', 'dropout': 0.2, 'batchnorm': True, 'lr': 0.002, 'batch_size': 192, 'epochs': 120} ===
[medium_1536_768_384_BF_t4] ep 001 | act=leakyrelu | train 2.73909 | val 1.86721 | lr 0.002
[medium_1536_768_384_BF_t4] ep 005 | act=leakyrelu | train 1.52936 | val 1.40831 | lr 0.002
[medium_1536_768_384_BF_t4] ep 010 | act=leakyrelu | train 1.36205 | val 1.28260 | lr 0.002
[medium_1536_768_384_BF_t4] ep 015 | act=leakyrelu | train 1.29485 | val 1.22830 | lr 0.002
[medium_1536_768_384_BF_t4] ep 020 | act=leakyrelu | train 1.24631 | val 1.17808 | lr 0.002
[medium_1536_768_384_BF_t4] ep 025 | act=leakyrelu | train 1.20781 | val 1.14764 | lr 0.002
[medium_1536_768_384_BF_t4] ep 030 | act=leakyrelu | train 1.18469 | val 1.12387 | lr 0.002
[medium_1536_768_384_BF_t4] ep 035 | act=leakyrelu | train 1.16761 | val 1.11507 | lr 0.002
[medium_1536_768_384_BF_t4] ep 040 | act=leakyrelu | train 1.15417 | val 1.09717 | lr 0.002
[medium_1536_768_384_BF_t4] ep 045 | act=leakyrelu | train 1.14375 | val 1.10106 | lr 0.002
[medium_1536_768_384_BF_t4] ep 050 | act=leakyrelu | train 1.13769 | val 1.08591 | lr 0.002
[medium_1536_768_384_BF_t4] ep 055 | act=leakyrelu | train 1.12823 | val 1.08045 | lr 0.002
[medium_1536_768_384_BF_t4] ep 060 | act=leakyrelu | train 1.12168 | val 1.07519 | lr 0.002
[medium_1536_768_384_BF_t4] ep 065 | act=leakyrelu | train 1.11572 | val 1.07203 | lr 0.002
[medium_1536_768_384_BF_t4] ep 070 | act=leakyrelu | train 1.11035 | val 1.06284 | lr 0.002
[medium_1536_768_384_BF_t4] ep 075 | act=leakyrelu | train 1.10433 | val 1.05928 | lr 0.002
[medium_1536_768_384_BF_t4] ep 080 | act=leakyrelu | train 1.09899 | val 1.05799 | lr 0.002
[medium_1536_768_384_BF_t4] ep 085 | act=leakyrelu | train 1.09564 | val 1.05221 | lr 0.002
[medium_1536_768_384_BF_t4] ep 090 | act=leakyrelu | train 1.09032 | val 1.05098 | lr 0.002
[medium_1536_768_384_BF_t4] ep 095 | act=leakyrelu | train 1.08754 | val 1.04924 | lr 0.002
[medium_1536_768_384_BF_t4] ep 100 | act=leakyrelu | train 1.08152 | val 1.04521 | lr 0.002
[medium_1536_768_384_BF_t4] ep 105 | act=leakyrelu | train 1.08120 | val 1.04338 | lr 0.002
[medium_1536_768_384_BF_t4] ep 110 | act=leakyrelu | train 1.07773 | val 1.04363 | lr 0.002
[medium_1536_768_384_BF_t4] ep 115 | act=leakyrelu | train 1.07519 | val 1.03987 | lr 0.002
[medium_1536_768_384_BF_t4] ep 120 | act=leakyrelu | train 1.07472 | val 1.04122 | lr 0.002

=== Trial 6/12: {'name': 'small_256_256_BF_t5', 'hidden': [256, 256], 'act': 'relu', 'dropout': 0.1, 'batchnorm': False, 'lr': 0.002, 'batch_size': 128, 'epochs': 120} ===
[small_256_256_BF_t5] ep 001 | act=relu | train 2.78145 | val 1.68774 | lr 0.002
[small_256_256_BF_t5] ep 005 | act=relu | train 1.35347 | val 1.29578 | lr 0.002
[small_256_256_BF_t5] ep 010 | act=relu | train 1.25396 | val 1.19726 | lr 0.002
[small_256_256_BF_t5] ep 015 | act=relu | train 1.21065 | val 1.16061 | lr 0.002
[small_256_256_BF_t5] ep 020 | act=relu | train 1.18703 | val 1.15184 | lr 0.002
[small_256_256_BF_t5] ep 025 | act=relu | train 1.17533 | val 1.12662 | lr 0.002
[small_256_256_BF_t5] ep 030 | act=relu | train 1.15697 | val 1.12861 | lr 0.002
[small_256_256_BF_t5] ep 035 | act=relu | train 1.14758 | val 1.13297 | lr 0.002
[small_256_256_BF_t5] ep 040 | act=relu | train 1.13236 | val 1.11057 | lr 0.002
[small_256_256_BF_t5] ep 045 | act=relu | train 1.12065 | val 1.11144 | lr 0.002
[small_256_256_BF_t5] ep 050 | act=relu | train 1.11395 | val 1.11337 | lr 0.002
[small_256_256_BF_t5] ep 055 | act=relu | train 1.10632 | val 1.12371 | lr 0.001
[small_256_256_BF_t5] ep 060 | act=relu | train 1.07979 | val 1.10464 | lr 0.001
[small_256_256_BF_t5] ep 065 | act=relu | train 1.07510 | val 1.09949 | lr 0.001
[small_256_256_BF_t5] ep 070 | act=relu | train 1.07430 | val 1.10388 | lr 0.001
[small_256_256_BF_t5] ep 075 | act=relu | train 1.07085 | val 1.10454 | lr 0.001
[small_256_256_BF_t5] ep 080 | act=relu | train 1.06804 | val 1.09551 | lr 0.001
[small_256_256_BF_t5] ep 085 | act=relu | train 1.06786 | val 1.11966 | lr 0.001
[small_256_256_BF_t5] ep 090 | act=relu | train 1.06439 | val 1.12101 | lr 0.001
[small_256_256_BF_t5] ep 095 | act=relu | train 1.06205 | val 1.10525 | lr 0.0005
[small_256_256_BF_t5] ep 100 | act=relu | train 1.04900 | val 1.11042 | lr 0.0005
[small_256_256_BF_t5] ep 105 | act=relu | train 1.04787 | val 1.09852 | lr 0.0005
[small_256_256_BF_t5] ep 110 | act=relu | train 1.04752 | val 1.10813 | lr 0.00025
[small_256_256_BF_t5] ep 115 | act=relu | train 1.04136 | val 1.09826 | lr 0.00025
[small_256_256_BF_t5] ep 120 | act=relu | train 1.03983 | val 1.09922 | lr 0.00025

=== Trial 7/12: {'name': 'narrow_x4_512_BF_t6', 'hidden': [512, 512, 512, 512], 'act': 'leakyrelu', 'dropout': 0.2, 'batchnorm': True, 'lr': 0.003, 'batch_size': 256, 'epochs': 120} ===
[narrow_x4_512_BF_t6] ep 001 | act=leakyrelu | train 2.57711 | val 1.80306 | lr 0.003
[narrow_x4_512_BF_t6] ep 005 | act=leakyrelu | train 1.53846 | val 1.43019 | lr 0.003
[narrow_x4_512_BF_t6] ep 010 | act=leakyrelu | train 1.38633 | val 1.30937 | lr 0.003
[narrow_x4_512_BF_t6] ep 015 | act=leakyrelu | train 1.32399 | val 1.24571 | lr 0.003
[narrow_x4_512_BF_t6] ep 020 | act=leakyrelu | train 1.28229 | val 1.21565 | lr 0.003
[narrow_x4_512_BF_t6] ep 025 | act=leakyrelu | train 1.24661 | val 1.18568 | lr 0.003
[narrow_x4_512_BF_t6] ep 030 | act=leakyrelu | train 1.21604 | val 1.15613 | lr 0.003
[narrow_x4_512_BF_t6] ep 035 | act=leakyrelu | train 1.20030 | val 1.13762 | lr 0.003
[narrow_x4_512_BF_t6] ep 040 | act=leakyrelu | train 1.17860 | val 1.13294 | lr 0.003
[narrow_x4_512_BF_t6] ep 045 | act=leakyrelu | train 1.16455 | val 1.11247 | lr 0.003
[narrow_x4_512_BF_t6] ep 050 | act=leakyrelu | train 1.15185 | val 1.10360 | lr 0.003
[narrow_x4_512_BF_t6] ep 055 | act=leakyrelu | train 1.14109 | val 1.11059 | lr 0.003
[narrow_x4_512_BF_t6] ep 060 | act=leakyrelu | train 1.13382 | val 1.08802 | lr 0.003
[narrow_x4_512_BF_t6] ep 065 | act=leakyrelu | train 1.12252 | val 1.09410 | lr 0.003
[narrow_x4_512_BF_t6] ep 070 | act=leakyrelu | train 1.11411 | val 1.07692 | lr 0.003
[narrow_x4_512_BF_t6] ep 075 | act=leakyrelu | train 1.10960 | val 1.08596 | lr 0.003
[narrow_x4_512_BF_t6] ep 080 | act=leakyrelu | train 1.10079 | val 1.08864 | lr 0.003
[narrow_x4_512_BF_t6] ep 085 | act=leakyrelu | train 1.09481 | val 1.08038 | lr 0.0015
[narrow_x4_512_BF_t6] ep 090 | act=leakyrelu | train 1.08044 | val 1.07432 | lr 0.0015
[narrow_x4_512_BF_t6] ep 095 | act=leakyrelu | train 1.07692 | val 1.06871 | lr 0.0015
[narrow_x4_512_BF_t6] ep 100 | act=leakyrelu | train 1.07272 | val 1.06266 | lr 0.0015
[narrow_x4_512_BF_t6] ep 105 | act=leakyrelu | train 1.07314 | val 1.07858 | lr 0.0015
[narrow_x4_512_BF_t6] ep 110 | act=leakyrelu | train 1.06805 | val 1.07255 | lr 0.0015
[narrow_x4_512_BF_t6] ep 115 | act=leakyrelu | train 1.06680 | val 1.06692 | lr 0.00075
[narrow_x4_512_BF_t6] ep 120 | act=leakyrelu | train 1.05654 | val 1.06903 | lr 0.00075

=== Trial 8/12: {'name': 'medium_1536_768_384_BF_t7', 'hidden': [1536, 768, 384], 'act': 'gelu', 'dropout': 0.0, 'batchnorm': True, 'lr': 0.003, 'batch_size': 192, 'epochs': 120} ===
[medium_1536_768_384_BF_t7] ep 001 | act=gelu | train 2.46244 | val 1.81611 | lr 0.003
[medium_1536_768_384_BF_t7] ep 005 | act=gelu | train 1.35892 | val 1.34040 | lr 0.003
[medium_1536_768_384_BF_t7] ep 010 | act=gelu | train 1.21454 | val 1.20614 | lr 0.003
[medium_1536_768_384_BF_t7] ep 015 | act=gelu | train 1.13083 | val 1.15179 | lr 0.003
[medium_1536_768_384_BF_t7] ep 020 | act=gelu | train 1.08122 | val 1.11042 | lr 0.003
[medium_1536_768_384_BF_t7] ep 025 | act=gelu | train 1.04250 | val 1.08605 | lr 0.003
[medium_1536_768_384_BF_t7] ep 030 | act=gelu | train 1.01791 | val 1.06888 | lr 0.003
[medium_1536_768_384_BF_t7] ep 035 | act=gelu | train 0.99500 | val 1.05885 | lr 0.003
[medium_1536_768_384_BF_t7] ep 040 | act=gelu | train 0.97886 | val 1.05171 | lr 0.003
[medium_1536_768_384_BF_t7] ep 045 | act=gelu | train 0.96353 | val 1.04509 | lr 0.003
[medium_1536_768_384_BF_t7] ep 050 | act=gelu | train 0.94819 | val 1.04602 | lr 0.003
[medium_1536_768_384_BF_t7] ep 055 | act=gelu | train 0.93893 | val 1.03771 | lr 0.003
[medium_1536_768_384_BF_t7] ep 060 | act=gelu | train 0.92982 | val 1.03468 | lr 0.003
[medium_1536_768_384_BF_t7] ep 065 | act=gelu | train 0.92079 | val 1.03134 | lr 0.003
[medium_1536_768_384_BF_t7] ep 070 | act=gelu | train 0.91340 | val 1.03348 | lr 0.003
[medium_1536_768_384_BF_t7] ep 075 | act=gelu | train 0.90805 | val 1.03018 | lr 0.003
[medium_1536_768_384_BF_t7] ep 080 | act=gelu | train 0.90205 | val 1.03081 | lr 0.003
[medium_1536_768_384_BF_t7] ep 085 | act=gelu | train 0.89970 | val 1.03031 | lr 0.003
[medium_1536_768_384_BF_t7] ep 090 | act=gelu | train 0.89309 | val 1.02711 | lr 0.003
[medium_1536_768_384_BF_t7] ep 095 | act=gelu | train 0.88863 | val 1.02751 | lr 0.003
[medium_1536_768_384_BF_t7] ep 100 | act=gelu | train 0.88776 | val 1.02688 | lr 0.003
[medium_1536_768_384_BF_t7] ep 105 | act=gelu | train 0.88339 | val 1.02871 | lr 0.003
[medium_1536_768_384_BF_t7] ep 110 | act=gelu | train 0.87940 | val 1.02870 | lr 0.003
[medium_1536_768_384_BF_t7] ep 115 | act=gelu | train 0.87755 | val 1.02716 | lr 0.0015
[medium_1536_768_384_BF_t7] ep 120 | act=gelu | train 0.86131 | val 1.02219 | lr 0.0015

=== Trial 9/12: {'name': 'medium_1536_768_384_BF_t8', 'hidden': [1536, 768, 384], 'act': 'gelu', 'dropout': 0.0, 'batchnorm': True, 'lr': 0.002, 'batch_size': 256, 'epochs': 120} ===
[medium_1536_768_384_BF_t8] ep 001 | act=gelu | train 2.94794 | val 1.85175 | lr 0.002
[medium_1536_768_384_BF_t8] ep 005 | act=gelu | train 1.45669 | val 1.41098 | lr 0.002
[medium_1536_768_384_BF_t8] ep 010 | act=gelu | train 1.26143 | val 1.26039 | lr 0.002
[medium_1536_768_384_BF_t8] ep 015 | act=gelu | train 1.17408 | val 1.18196 | lr 0.002
[medium_1536_768_384_BF_t8] ep 020 | act=gelu | train 1.11441 | val 1.13876 | lr 0.002
[medium_1536_768_384_BF_t8] ep 025 | act=gelu | train 1.07399 | val 1.11185 | lr 0.002
[medium_1536_768_384_BF_t8] ep 030 | act=gelu | train 1.04586 | val 1.09125 | lr 0.002
[medium_1536_768_384_BF_t8] ep 035 | act=gelu | train 1.01848 | val 1.07712 | lr 0.002
[medium_1536_768_384_BF_t8] ep 040 | act=gelu | train 1.00087 | val 1.06908 | lr 0.002
[medium_1536_768_384_BF_t8] ep 045 | act=gelu | train 0.98696 | val 1.06074 | lr 0.002
[medium_1536_768_384_BF_t8] ep 050 | act=gelu | train 0.96803 | val 1.05177 | lr 0.002
[medium_1536_768_384_BF_t8] ep 055 | act=gelu | train 0.95677 | val 1.04939 | lr 0.002
[medium_1536_768_384_BF_t8] ep 060 | act=gelu | train 0.94487 | val 1.04449 | lr 0.002
[medium_1536_768_384_BF_t8] ep 065 | act=gelu | train 0.93488 | val 1.04378 | lr 0.002
[medium_1536_768_384_BF_t8] ep 070 | act=gelu | train 0.92751 | val 1.03939 | lr 0.002
[medium_1536_768_384_BF_t8] ep 075 | act=gelu | train 0.92050 | val 1.03847 | lr 0.002
[medium_1536_768_384_BF_t8] ep 080 | act=gelu | train 0.91139 | val 1.03913 | lr 0.002
[medium_1536_768_384_BF_t8] ep 085 | act=gelu | train 0.90570 | val 1.04089 | lr 0.002
[medium_1536_768_384_BF_t8] ep 090 | act=gelu | train 0.90210 | val 1.03809 | lr 0.002
[medium_1536_768_384_BF_t8] ep 095 | act=gelu | train 0.89407 | val 1.03635 | lr 0.002
[medium_1536_768_384_BF_t8] ep 100 | act=gelu | train 0.89427 | val 1.03521 | lr 0.002
[medium_1536_768_384_BF_t8] ep 105 | act=gelu | train 0.89139 | val 1.03421 | lr 0.002
[medium_1536_768_384_BF_t8] ep 110 | act=gelu | train 0.88649 | val 1.03235 | lr 0.002
[medium_1536_768_384_BF_t8] ep 115 | act=gelu | train 0.88203 | val 1.03383 | lr 0.002
[medium_1536_768_384_BF_t8] ep 120 | act=gelu | train 0.88086 | val 1.03421 | lr 0.002

=== Trial 10/12: {'name': 'deep_2048_1024_BF_t9', 'hidden': [2048, 1024], 'act': 'leakyrelu', 'dropout': 0.2, 'batchnorm': True, 'lr': 0.002, 'batch_size': 128, 'epochs': 120} ===
[deep_2048_1024_BF_t9] ep 001 | act=leakyrelu | train 2.15687 | val 1.63306 | lr 0.002
[deep_2048_1024_BF_t9] ep 005 | act=leakyrelu | train 1.33229 | val 1.25437 | lr 0.002
[deep_2048_1024_BF_t9] ep 010 | act=leakyrelu | train 1.20526 | val 1.15087 | lr 0.002
[deep_2048_1024_BF_t9] ep 015 | act=leakyrelu | train 1.14739 | val 1.11485 | lr 0.002
[deep_2048_1024_BF_t9] ep 020 | act=leakyrelu | train 1.11095 | val 1.08919 | lr 0.002
[deep_2048_1024_BF_t9] ep 025 | act=leakyrelu | train 1.08570 | val 1.08258 | lr 0.002
[deep_2048_1024_BF_t9] ep 030 | act=leakyrelu | train 1.06875 | val 1.05879 | lr 0.002
[deep_2048_1024_BF_t9] ep 035 | act=leakyrelu | train 1.05433 | val 1.04805 | lr 0.002
[deep_2048_1024_BF_t9] ep 040 | act=leakyrelu | train 1.04084 | val 1.04278 | lr 0.002
[deep_2048_1024_BF_t9] ep 045 | act=leakyrelu | train 1.03039 | val 1.04535 | lr 0.002
[deep_2048_1024_BF_t9] ep 050 | act=leakyrelu | train 1.02110 | val 1.04012 | lr 0.002
[deep_2048_1024_BF_t9] ep 055 | act=leakyrelu | train 1.01278 | val 1.03692 | lr 0.002
[deep_2048_1024_BF_t9] ep 060 | act=leakyrelu | train 1.00501 | val 1.02308 | lr 0.002
[deep_2048_1024_BF_t9] ep 065 | act=leakyrelu | train 0.99780 | val 1.02663 | lr 0.002
[deep_2048_1024_BF_t9] ep 070 | act=leakyrelu | train 0.99409 | val 1.02138 | lr 0.002
[deep_2048_1024_BF_t9] ep 075 | act=leakyrelu | train 0.98687 | val 1.01179 | lr 0.002
[deep_2048_1024_BF_t9] ep 080 | act=leakyrelu | train 0.98014 | val 1.01420 | lr 0.002
[deep_2048_1024_BF_t9] ep 085 | act=leakyrelu | train 0.97592 | val 1.01210 | lr 0.002
[deep_2048_1024_BF_t9] ep 090 | act=leakyrelu | train 0.97212 | val 1.00936 | lr 0.002
[deep_2048_1024_BF_t9] ep 095 | act=leakyrelu | train 0.96875 | val 1.00542 | lr 0.002
[deep_2048_1024_BF_t9] ep 100 | act=leakyrelu | train 0.96453 | val 1.00382 | lr 0.002
[deep_2048_1024_BF_t9] ep 105 | act=leakyrelu | train 0.95751 | val 1.00584 | lr 0.002
[deep_2048_1024_BF_t9] ep 110 | act=leakyrelu | train 0.95731 | val 1.00198 | lr 0.002
[deep_2048_1024_BF_t9] ep 115 | act=leakyrelu | train 0.95401 | val 1.00491 | lr 0.002
[deep_2048_1024_BF_t9] ep 120 | act=leakyrelu | train 0.95235 | val 0.99924 | lr 0.002
[BEST] Updated best by Val: deep_2048_1024_BF_t9 (val_mse=0.999244)

=== Trial 11/12: {'name': 'small_256_256_BF_t10', 'hidden': [256, 256], 'act': 'gelu', 'dropout': 0.2, 'batchnorm': True, 'lr': 0.003, 'batch_size': 256, 'epochs': 120} ===
[small_256_256_BF_t10] ep 001 | act=gelu | train 3.16956 | val 1.84148 | lr 0.003
[small_256_256_BF_t10] ep 005 | act=gelu | train 1.54414 | val 1.40932 | lr 0.003
[small_256_256_BF_t10] ep 010 | act=gelu | train 1.39576 | val 1.31915 | lr 0.003
[small_256_256_BF_t10] ep 015 | act=gelu | train 1.32295 | val 1.24227 | lr 0.003
[small_256_256_BF_t10] ep 020 | act=gelu | train 1.28095 | val 1.23283 | lr 0.003
[small_256_256_BF_t10] ep 025 | act=gelu | train 1.25238 | val 1.19401 | lr 0.003
[small_256_256_BF_t10] ep 030 | act=gelu | train 1.22719 | val 1.20017 | lr 0.003
[small_256_256_BF_t10] ep 035 | act=gelu | train 1.20854 | val 1.17702 | lr 0.003
[small_256_256_BF_t10] ep 040 | act=gelu | train 1.19254 | val 1.16915 | lr 0.003
[small_256_256_BF_t10] ep 045 | act=gelu | train 1.17598 | val 1.16729 | lr 0.003
[small_256_256_BF_t10] ep 050 | act=gelu | train 1.16496 | val 1.17831 | lr 0.003
[small_256_256_BF_t10] ep 055 | act=gelu | train 1.15292 | val 1.17228 | lr 0.003
[small_256_256_BF_t10] ep 060 | act=gelu | train 1.14286 | val 1.20777 | lr 0.0015
[small_256_256_BF_t10] ep 065 | act=gelu | train 1.13107 | val 1.19524 | lr 0.0015
[small_256_256_BF_t10] ep 070 | act=gelu | train 1.12684 | val 1.19075 | lr 0.0015
[small_256_256_BF_t10] ep 075 | act=gelu | train 1.12327 | val 1.19382 | lr 0.00075
[small_256_256_BF_t10] ep 080 | act=gelu | train 1.11498 | val 1.19286 | lr 0.00075
[small_256_256_BF_t10] ep 085 | act=gelu | train 1.11327 | val 1.20227 | lr 0.00075
[small_256_256_BF_t10] ep 090 | act=gelu | train 1.11200 | val 1.20000 | lr 0.000375
[small_256_256_BF_t10] ep 095 | act=gelu | train 1.10802 | val 1.19597 | lr 0.000375
[small_256_256_BF_t10] Early stopping.

=== Trial 12/12: {'name': 'narrow_x4_512_BF_t11', 'hidden': [512, 512, 512, 512], 'act': 'gelu', 'dropout': 0.0, 'batchnorm': False, 'lr': 0.001, 'batch_size': 256, 'epochs': 120} ===
[narrow_x4_512_BF_t11] ep 001 | act=gelu | train 3.15202 | val 1.84709 | lr 0.001
[narrow_x4_512_BF_t11] ep 005 | act=gelu | train 1.35421 | val 1.34660 | lr 0.001
[narrow_x4_512_BF_t11] ep 010 | act=gelu | train 1.20844 | val 1.23038 | lr 0.001
[narrow_x4_512_BF_t11] ep 015 | act=gelu | train 1.12855 | val 1.16545 | lr 0.001
[narrow_x4_512_BF_t11] ep 020 | act=gelu | train 1.07818 | val 1.12873 | lr 0.001
[narrow_x4_512_BF_t11] ep 025 | act=gelu | train 1.04360 | val 1.10926 | lr 0.001
[narrow_x4_512_BF_t11] ep 030 | act=gelu | train 1.01831 | val 1.09637 | lr 0.001
[narrow_x4_512_BF_t11] ep 035 | act=gelu | train 0.99912 | val 1.08921 | lr 0.001
[narrow_x4_512_BF_t11] ep 040 | act=gelu | train 0.98108 | val 1.07963 | lr 0.001
[narrow_x4_512_BF_t11] ep 045 | act=gelu | train 0.96735 | val 1.07539 | lr 0.001
[narrow_x4_512_BF_t11] ep 050 | act=gelu | train 0.95448 | val 1.06970 | lr 0.001
[narrow_x4_512_BF_t11] ep 055 | act=gelu | train 0.94531 | val 1.06846 | lr 0.001
[narrow_x4_512_BF_t11] ep 060 | act=gelu | train 0.93414 | val 1.06577 | lr 0.001
[narrow_x4_512_BF_t11] ep 065 | act=gelu | train 0.92605 | val 1.06275 | lr 0.001
[narrow_x4_512_BF_t11] ep 070 | act=gelu | train 0.91686 | val 1.06042 | lr 0.001
[narrow_x4_512_BF_t11] ep 075 | act=gelu | train 0.90990 | val 1.05963 | lr 0.001
[narrow_x4_512_BF_t11] ep 080 | act=gelu | train 0.90225 | val 1.05910 | lr 0.001
[narrow_x4_512_BF_t11] ep 085 | act=gelu | train 0.89813 | val 1.05733 | lr 0.001
[narrow_x4_512_BF_t11] ep 090 | act=gelu | train 0.89030 | val 1.05731 | lr 0.001
[narrow_x4_512_BF_t11] ep 095 | act=gelu | train 0.88669 | val 1.05792 | lr 0.001
[narrow_x4_512_BF_t11] ep 100 | act=gelu | train 0.88125 | val 1.05635 | lr 0.001
[narrow_x4_512_BF_t11] ep 105 | act=gelu | train 0.87711 | val 1.05614 | lr 0.001
[narrow_x4_512_BF_t11] ep 110 | act=gelu | train 0.87224 | val 1.05845 | lr 0.001
[narrow_x4_512_BF_t11] ep 115 | act=gelu | train 0.87099 | val 1.05678 | lr 0.001
[narrow_x4_512_BF_t11] ep 120 | act=gelu | train 0.86980 | val 1.05909 | lr 0.0005

[INFO] Evaluating test set for the best-by-val model only...
[BEST on TEST] BulkFormer FFNN | act=leakyrelu | MSE: 1.008355 | r: 0.6990

=== BULKFORMER FFNN SEARCH COMPLETE ===
{
  "best": {
    "name": "deep_2048_1024_BF_t9",
    "hidden": [
      2048,
      1024
    ],
    "act": "leakyrelu",
    "dropout": 0.2,
    "batchnorm": true,
    "lr": 0.002,
    "momentum": "-",
    "step_size": "-",
    "gamma": "-",
    "batch_size": 128,
    "epochs_trained": 120,
    "val_mse": 0.9992438363141755,
    "val_pearson": NaN,
    "train_time_sec": 394.8,
    "test_mse": 1.008354902267456,
    "test_pearson": 0.6989720463752747
  },
  "top5": [
    {
      "name": "deep_2048_1024_BF_t9",
      "hidden": [
        2048,
        1024
      ],
      "act": "leakyrelu",
      "dropout": 0.2,
      "batchnorm": true,
      "lr": 0.002,
      "momentum": "-",
      "step_size": "-",
      "gamma": "-",
      "batch_size": 128,
      "epochs_trained": 120,
      "val_mse": 0.9992438363141755,
      "val_pearson": NaN,
      "train_time_sec": 394.8,
      "test_mse": 1.008354902267456,
      "test_pearson": 0.6989720463752747
    },
    {
      "name": "deep_2048_1024_BF_t3",
      "hidden": [
        2048,
        1024
      ],
      "act": "leakyrelu",
      "dropout": 0.0,
      "batchnorm": false,
      "lr": 0.001,
      "momentum": "-",
      "step_size": "-",
      "gamma": "-",
      "batch_size": 192,
      "epochs_trained": 120,
      "val_mse": 1.0135358613567627,
      "val_pearson": NaN,
      "train_time_sec": 282.4
    },
    {
      "name": "medium_1536_768_384_BF_t7",
      "hidden": [
        1536,
        768,
        384
      ],
      "act": "gelu",
      "dropout": 0.0,
      "batchnorm": true,
      "lr": 0.003,
      "momentum": "-",
      "step_size": "-",
      "gamma": "-",
      "batch_size": 192,
      "epochs_trained": 120,
      "val_mse": 1.0221928549899857,
      "val_pearson": NaN,
      "train_time_sec": 128.0
    },
    {
      "name": "bottleneck_2048_256_BF_t1",
      "hidden": [
        2048,
        256,
        2048
      ],
      "act": "relu",
      "dropout": 0.2,
      "batchnorm": true,
      "lr": 0.001,
      "momentum": "-",
      "step_size": "-",
      "gamma": "-",
      "batch_size": 256,
      "epochs_trained": 120,
      "val_mse": 1.0230330132095358,
      "val_pearson": NaN,
      "train_time_sec": 411.9
    },
    {
      "name": "medium_1536_768_384_BF_t8",
      "hidden": [
        1536,
        768,
        384
      ],
      "act": "gelu",
      "dropout": 0.0,
      "batchnorm": true,
      "lr": 0.002,
      "momentum": "-",
      "step_size": "-",
      "gamma": "-",
      "batch_size": 256,
      "epochs_trained": 120,
      "val_mse": 1.032347224200687,
      "val_pearson": NaN,
      "train_time_sec": 105.6
    }
  ],
  "n_trials": 12,
  "csv": "ffnn_search_bulkformer/results/arch_search_results_bulkformer.csv",
  "best_model_pt": "ffnn_search_bulkformer/results/best_model_bulkformer.pt"
}
[INFO] All done (BulkFormer FFNN).
=== Job finished on Sat Nov 22 14:11:27 CET 2025 ===
