[INFO] GPU detected:
Sun Nov 23 15:04:37 2025       
+-----------------------------------------------------------------------------------------+
| NVIDIA-SMI 580.105.08             Driver Version: 580.105.08     CUDA Version: 13.0     |
+-----------------------------------------+------------------------+----------------------+
| GPU  Name                 Persistence-M | Bus-Id          Disp.A | Volatile Uncorr. ECC |
| Fan  Temp   Perf          Pwr:Usage/Cap |           Memory-Usage | GPU-Util  Compute M. |
|                                         |                        |               MIG M. |
|=========================================+========================+======================|
|   0  Tesla V100-PCIE-32GB           On  |   00000000:D8:00.0 Off |                    0 |
| N/A   35C    P0             42W /  250W |       0MiB /  32768MiB |      0%   E. Process |
|                                         |                        |                  N/A |
+-----------------------------------------+------------------------+----------------------+

+-----------------------------------------------------------------------------------------+
| Processes:                                                                              |
|  GPU   GI   CI              PID   Type   Process name                        GPU Memory |
|        ID   ID                                                               Usage      |
|=========================================================================================|
|  No running processes found                                                             |
+-----------------------------------------------------------------------------------------+
Loaded module: cuda/12.1
=== Starting training ===
[INFO] Loading tensors from: /dtu/blackhole/0e/213806/s243275/data.pt
[INFO] Shapes: X=torch.Size([19882, 45263])
[INFO] Loader sizes: train=265  val=24
loss   | mean = 361602.625, shape: []
elbo   | mean = -361602.625, shape: [19882]
log_px | mean = -361596.406, shape: [19882]
kl     | mean =      6.222, shape: [19882]
>> Using device: cuda:0
